A51 MACRO ASSEMBLER  LAB7Q1_2                                                             09/22/2014 16:23:02 PAGE     1


MACRO ASSEMBLER A51 V8.02b
OBJECT MODULE PLACED IN .\lab7q1_2.obj
ASSEMBLER INVOKED BY: C:\Keil\C51\BIN\A51.EXE ..\lab7\lab7q1_2.asm SET(SMALL) DEBUG PRINT(.\lab7q1_2.lst) OBJECT(.\lab7q
                      1_2.obj) EP

LOC  OBJ            LINE     SOURCE

  00C3                 1             SPCON EQU 0C3H
  00C4                 2             SPSTA EQU 0C4H
  00C5                 3             SPDAT EQU 0C5H
  00A0                 4             DAC_EN EQU P2.0
  00A7                 5             ADC_EN EQU P2.7
  00A1                 6             LDAC EQU P2.1
                       7     
0000                   8     ORG 000H 
0000 020100            9     LJMP MAIN 
0100                  10     ORG 0100H  ; serial interrupt 
                      11     
0100                  12     MAIN:
0100 D2A0             13             SETB DAC_EN
0102 C2A1             14             CLR LDAC
0104 75C37D           15             MOV SPCON,#01111101B ;divide by 4
                      16     ;correspond to 0.5ms/8 
0107 7870             17             MOV R0,#01110000B
0109 7900             18             MOV R1,#000H
010B 7C10             19             MOV R4,#010H
                      20             
010D                  21     LOOPINC:                
010D C2A0             22             CLR DAC_EN
010F 88C5             23             MOV SPDAT,R0
0111                  24             SPIF1:
0111 E5C4             25             MOV A,SPSTA
0113 30E7FB           26             JNB ACC.7,SPIF1
0116 89C5             27             MOV SPDAT,R1
0118                  28             SPIF2:
0118 E5C4             29             MOV A,SPSTA
011A 30E7FB           30             JNB ACC.7,SPIF2
011D D2A0             31             SETB DAC_EN
011F 120147           32             lcall delay
                      33             
0122 08               34             INC R0
0123 B87FE7           35             CJNE R0,#01111111b,LOOPINC
0126 120147           36             lcall delay
                      37                     
0129                  38     LOOPDEC:        
0129 7900             39             MOV R1,#000H
012B 18               40             DEC R0
012C C2A0             41             CLR DAC_EN
012E 88C5             42             MOV SPDAT,R0
0130                  43             SPIF3:
0130 E5C4             44             MOV A,SPSTA
0132 30E7FB           45             JNB ACC.7,SPIF3
0135 89C5             46             MOV SPDAT,R1
0137                  47             SPIF4:
0137 E5C4             48             MOV A,SPSTA
0139 30E7FB           49             JNB ACC.7,SPIF4
013C D2A0             50             SETB DAC_EN
013E 120147           51             LCALL delay
                      52             
0141 B870E5           53             CJNE R0,#01110000B,LOOPDEC
0144 020100           54             LJMP MAIN
                      55                     
0147                  56     delay:
0147 DCFE             57             DJNZ R4,delay
A51 MACRO ASSEMBLER  LAB7Q1_2                                                             09/22/2014 16:23:02 PAGE     2

0149 7C10             58             MOV R4,#010H
014B 22               59             RET
                      60                             
                      61     end             
A51 MACRO ASSEMBLER  LAB7Q1_2                                                             09/22/2014 16:23:02 PAGE     3

SYMBOL TABLE LISTING
------ ----- -------


N A M E             T Y P E  V A L U E   ATTRIBUTES

ACC. . . . . . . .  D ADDR   00E0H   A   
ADC_EN . . . . . .  B ADDR   00A0H.7 A   
DAC_EN . . . . . .  B ADDR   00A0H.0 A   
DELAY. . . . . . .  C ADDR   0147H   A   
LDAC . . . . . . .  B ADDR   00A0H.1 A   
LOOPDEC. . . . . .  C ADDR   0129H   A   
LOOPINC. . . . . .  C ADDR   010DH   A   
MAIN . . . . . . .  C ADDR   0100H   A   
P2 . . . . . . . .  D ADDR   00A0H   A   
SPCON. . . . . . .  N NUMB   00C3H   A   
SPDAT. . . . . . .  N NUMB   00C5H   A   
SPIF1. . . . . . .  C ADDR   0111H   A   
SPIF2. . . . . . .  C ADDR   0118H   A   
SPIF3. . . . . . .  C ADDR   0130H   A   
SPIF4. . . . . . .  C ADDR   0137H   A   
SPSTA. . . . . . .  N NUMB   00C4H   A   


REGISTER BANK(S) USED: 0 


ASSEMBLY COMPLETE.  0 WARNING(S), 0 ERROR(S)
